../Core/Src/main.c:180:5:main	120	static
../Core/Src/main.c:271:6:SystemClock_Config	96	static
../Core/Src/main.c:320:6:PeriphCommonClock_Config	144	static
../Core/Src/main.c:346:13:MX_ADC1_Init	48	static
../Core/Src/main.c:413:13:MX_ADC2_Init	32	static
../Core/Src/main.c:471:13:MX_I2C2_Init	8	static
../Core/Src/main.c:519:13:MX_I2C3_Init	8	static
../Core/Src/main.c:567:13:MX_TIM1_Init	96	static
../Core/Src/main.c:637:13:MX_TIM3_Init	48	static
../Core/Src/main.c:686:13:MX_UART5_Init	8	static
../Core/Src/main.c:721:13:MX_USART1_UART_Init	8	static
../Core/Src/main.c:756:13:MX_USART2_UART_Init	8	static
../Core/Src/main.c:791:13:MX_USART3_UART_Init	8	static
../Core/Src/main.c:824:13:MX_DMA_Init	16	static
../Core/Src/main.c:842:13:MX_GPIO_Init	48	static
../Core/Src/main.c:915:7:measurements_task	160	static
../Core/Src/main.c:1051:7:sender_task	216	static
../Core/Src/main.c:1066:7:LED_task	16	static
../Core/Src/main.c:1092:7:HAL_GPIO_EXTI_Callback	24	static,ignoring_inline_asm
../Core/Src/main.c:1105:8:square	16	static
../Core/Src/main.c:1120:6:HAL_TIM_PeriodElapsedCallback	16	static
../Core/Src/main.c:1138:6:Error_Handler	4	static,ignoring_inline_asm
