../Core/Src/main.c:175:5:main	16	static
../Core/Src/main.c:261:6:SystemClock_Config	96	static
../Core/Src/main.c:310:6:PeriphCommonClock_Config	144	static
../Core/Src/main.c:336:13:MX_ADC1_Init	48	static
../Core/Src/main.c:403:13:MX_ADC2_Init	32	static
../Core/Src/main.c:461:13:MX_I2C2_Init	8	static
../Core/Src/main.c:509:13:MX_I2C3_Init	8	static
../Core/Src/main.c:557:13:MX_TIM1_Init	96	static
../Core/Src/main.c:627:13:MX_TIM3_Init	48	static
../Core/Src/main.c:676:13:MX_UART5_Init	8	static
../Core/Src/main.c:711:13:MX_USART1_UART_Init	8	static
../Core/Src/main.c:746:13:MX_USART2_UART_Init	8	static
../Core/Src/main.c:781:13:MX_USART3_UART_Init	8	static
../Core/Src/main.c:814:13:MX_DMA_Init	16	static
../Core/Src/main.c:832:13:MX_GPIO_Init	48	static
../Core/Src/main.c:905:7:measurements_task	128	static
../Core/Src/main.c:993:7:sender_task	120	static
../Core/Src/main.c:1008:7:LED_task	16	static
../Core/Src/main.c:1042:7:HAL_GPIO_EXTI_Callback	24	static,ignoring_inline_asm
../Core/Src/main.c:1055:8:square	16	static
../Core/Src/main.c:1070:6:HAL_TIM_PeriodElapsedCallback	16	static
../Core/Src/main.c:1088:6:Error_Handler	4	static,ignoring_inline_asm
